------------------------------------------------------------
TimeQuest Timing Analyzer Summary
------------------------------------------------------------

Type  : Slow 1200mV 85C Model Setup 'clk'
Slack : 6.160
TNS   : 0.000

Type  : Slow 1200mV 85C Model Hold 'clk'
Slack : 0.334
TNS   : 0.000

Type  : Slow 1200mV 85C Model Recovery 'clk'
Slack : 9.981
TNS   : 0.000

Type  : Slow 1200mV 85C Model Removal 'clk'
Slack : 5.351
TNS   : 0.000

Type  : Slow 1200mV 85C Model Minimum Pulse Width 'clk'
Slack : 9.573
TNS   : 0.000

Type  : Slow 1200mV 0C Model Setup 'clk'
Slack : 6.151
TNS   : 0.000

Type  : Slow 1200mV 0C Model Hold 'clk'
Slack : 0.336
TNS   : 0.000

Type  : Slow 1200mV 0C Model Recovery 'clk'
Slack : 10.858
TNS   : 0.000

Type  : Slow 1200mV 0C Model Removal 'clk'
Slack : 5.036
TNS   : 0.000

Type  : Slow 1200mV 0C Model Minimum Pulse Width 'clk'
Slack : 9.553
TNS   : 0.000

Type  : Fast 1200mV 0C Model Setup 'clk'
Slack : 6.100
TNS   : 0.000

Type  : Fast 1200mV 0C Model Hold 'clk'
Slack : 0.129
TNS   : 0.000

Type  : Fast 1200mV 0C Model Recovery 'clk'
Slack : 12.686
TNS   : 0.000

Type  : Fast 1200mV 0C Model Removal 'clk'
Slack : 3.650
TNS   : 0.000

Type  : Fast 1200mV 0C Model Minimum Pulse Width 'clk'
Slack : 9.154
TNS   : 0.000

------------------------------------------------------------
