------------------------------------------------------------
TimeQuest Timing Analyzer Summary
------------------------------------------------------------

Type  : Slow 1200mV 85C Model Setup 'clk'
Slack : 3.010
TNS   : 0.000

Type  : Slow 1200mV 85C Model Hold 'clk'
Slack : 0.320
TNS   : 0.000

Type  : Slow 1200mV 85C Model Recovery 'clk'
Slack : 10.272
TNS   : 0.000

Type  : Slow 1200mV 85C Model Removal 'clk'
Slack : 3.523
TNS   : 0.000

Type  : Slow 1200mV 85C Model Minimum Pulse Width 'clk'
Slack : 9.572
TNS   : 0.000

Type  : Slow 1200mV 0C Model Setup 'clk'
Slack : 4.131
TNS   : 0.000

Type  : Slow 1200mV 0C Model Hold 'clk'
Slack : 0.324
TNS   : 0.000

Type  : Slow 1200mV 0C Model Recovery 'clk'
Slack : 11.265
TNS   : 0.000

Type  : Slow 1200mV 0C Model Removal 'clk'
Slack : 3.314
TNS   : 0.000

Type  : Slow 1200mV 0C Model Minimum Pulse Width 'clk'
Slack : 9.552
TNS   : 0.000

Type  : Fast 1200mV 0C Model Setup 'clk'
Slack : 6.100
TNS   : 0.000

Type  : Fast 1200mV 0C Model Hold 'clk'
Slack : 0.125
TNS   : 0.000

Type  : Fast 1200mV 0C Model Recovery 'clk'
Slack : 12.932
TNS   : 0.000

Type  : Fast 1200mV 0C Model Removal 'clk'
Slack : 2.675
TNS   : 0.000

Type  : Fast 1200mV 0C Model Minimum Pulse Width 'clk'
Slack : 9.153
TNS   : 0.000

------------------------------------------------------------
