------------------------------------------------------------
TimeQuest Timing Analyzer Summary
------------------------------------------------------------

Type  : Slow 1200mV 85C Model Setup 'clk'
Slack : 4.682
TNS   : 0.000

Type  : Slow 1200mV 85C Model Hold 'clk'
Slack : 0.402
TNS   : 0.000

Type  : Slow 1200mV 85C Model Recovery 'clk'
Slack : 12.532
TNS   : 0.000

Type  : Slow 1200mV 85C Model Removal 'clk'
Slack : 4.071
TNS   : 0.000

Type  : Slow 1200mV 85C Model Minimum Pulse Width 'clk'
Slack : 4.782
TNS   : 0.000

Type  : Slow 1200mV 0C Model Setup 'clk'
Slack : 6.090
TNS   : 0.000

Type  : Slow 1200mV 0C Model Hold 'clk'
Slack : 0.354
TNS   : 0.000

Type  : Slow 1200mV 0C Model Recovery 'clk'
Slack : 13.279
TNS   : 0.000

Type  : Slow 1200mV 0C Model Removal 'clk'
Slack : 3.689
TNS   : 0.000

Type  : Slow 1200mV 0C Model Minimum Pulse Width 'clk'
Slack : 4.794
TNS   : 0.000

Type  : Fast 1200mV 0C Model Setup 'clk'
Slack : 10.480
TNS   : 0.000

Type  : Fast 1200mV 0C Model Hold 'clk'
Slack : 0.181
TNS   : 0.000

Type  : Fast 1200mV 0C Model Recovery 'clk'
Slack : 15.959
TNS   : 0.000

Type  : Fast 1200mV 0C Model Removal 'clk'
Slack : 2.073
TNS   : 0.000

Type  : Fast 1200mV 0C Model Minimum Pulse Width 'clk'
Slack : 5.000
TNS   : 0.000

------------------------------------------------------------
