------------------------------------------------------------
TimeQuest Timing Analyzer Summary
------------------------------------------------------------

Type  : Slow 1200mV 85C Model Setup 'GPIO_1[10]'
Slack : -3.134
TNS   : -592.671

Type  : Slow 1200mV 85C Model Setup 'CCD_MCLK'
Slack : -3.061
TNS   : -243.931

Type  : Slow 1200mV 85C Model Setup 'I2C_CCD_Config:u7|mI2C_CTRL_CLK'
Slack : -2.430
TNS   : -105.100

Type  : Slow 1200mV 85C Model Setup 'CLOCK_50'
Slack : 1.576
TNS   : 0.000

Type  : Slow 1200mV 85C Model Setup 'u6|sdram_pll1|altpll_component|pll|clk[0]'
Slack : 1.689
TNS   : 0.000

Type  : Slow 1200mV 85C Model Hold 'CLOCK_50'
Slack : -2.802
TNS   : -4.388

Type  : Slow 1200mV 85C Model Hold 'GPIO_1[10]'
Slack : 0.332
TNS   : 0.000

Type  : Slow 1200mV 85C Model Hold 'u6|sdram_pll1|altpll_component|pll|clk[0]'
Slack : 0.362
TNS   : 0.000

Type  : Slow 1200mV 85C Model Hold 'CCD_MCLK'
Slack : 0.402
TNS   : 0.000

Type  : Slow 1200mV 85C Model Hold 'I2C_CCD_Config:u7|mI2C_CTRL_CLK'
Slack : 0.402
TNS   : 0.000

Type  : Slow 1200mV 85C Model Recovery 'CCD_MCLK'
Slack : -2.840
TNS   : -322.589

Type  : Slow 1200mV 85C Model Recovery 'GPIO_1[10]'
Slack : -1.279
TNS   : -209.670

Type  : Slow 1200mV 85C Model Recovery 'u6|sdram_pll1|altpll_component|pll|clk[0]'
Slack : 3.035
TNS   : 0.000

Type  : Slow 1200mV 85C Model Removal 'CCD_MCLK'
Slack : 1.056
TNS   : 0.000

Type  : Slow 1200mV 85C Model Removal 'GPIO_1[10]'
Slack : 1.113
TNS   : 0.000

Type  : Slow 1200mV 85C Model Removal 'u6|sdram_pll1|altpll_component|pll|clk[0]'
Slack : 5.595
TNS   : 0.000

Type  : Slow 1200mV 85C Model Minimum Pulse Width 'GPIO_1[10]'
Slack : -3.210
TNS   : -570.316

Type  : Slow 1200mV 85C Model Minimum Pulse Width 'CCD_MCLK'
Slack : -2.693
TNS   : -212.653

Type  : Slow 1200mV 85C Model Minimum Pulse Width 'I2C_CCD_Config:u7|mI2C_CTRL_CLK'
Slack : -1.285
TNS   : -64.250

Type  : Slow 1200mV 85C Model Minimum Pulse Width 'u6|sdram_pll1|altpll_component|pll|clk[0]'
Slack : 4.707
TNS   : 0.000

Type  : Slow 1200mV 85C Model Minimum Pulse Width 'CLOCK_50'
Slack : 9.681
TNS   : 0.000

Type  : Slow 1200mV 0C Model Setup 'GPIO_1[10]'
Slack : -2.800
TNS   : -514.158

Type  : Slow 1200mV 0C Model Setup 'CCD_MCLK'
Slack : -2.728
TNS   : -211.857

Type  : Slow 1200mV 0C Model Setup 'I2C_CCD_Config:u7|mI2C_CTRL_CLK'
Slack : -2.149
TNS   : -91.202

Type  : Slow 1200mV 0C Model Setup 'CLOCK_50'
Slack : 1.456
TNS   : 0.000

Type  : Slow 1200mV 0C Model Setup 'u6|sdram_pll1|altpll_component|pll|clk[0]'
Slack : 2.488
TNS   : 0.000

Type  : Slow 1200mV 0C Model Hold 'CLOCK_50'
Slack : -2.556
TNS   : -3.989

Type  : Slow 1200mV 0C Model Hold 'GPIO_1[10]'
Slack : 0.337
TNS   : 0.000

Type  : Slow 1200mV 0C Model Hold 'u6|sdram_pll1|altpll_component|pll|clk[0]'
Slack : 0.353
TNS   : 0.000

Type  : Slow 1200mV 0C Model Hold 'CCD_MCLK'
Slack : 0.354
TNS   : 0.000

Type  : Slow 1200mV 0C Model Hold 'I2C_CCD_Config:u7|mI2C_CTRL_CLK'
Slack : 0.354
TNS   : 0.000

Type  : Slow 1200mV 0C Model Recovery 'CCD_MCLK'
Slack : -2.457
TNS   : -275.567

Type  : Slow 1200mV 0C Model Recovery 'GPIO_1[10]'
Slack : -0.979
TNS   : -144.161

Type  : Slow 1200mV 0C Model Recovery 'u6|sdram_pll1|altpll_component|pll|clk[0]'
Slack : 3.828
TNS   : 0.000

Type  : Slow 1200mV 0C Model Removal 'GPIO_1[10]'
Slack : 0.927
TNS   : 0.000

Type  : Slow 1200mV 0C Model Removal 'CCD_MCLK'
Slack : 0.978
TNS   : 0.000

Type  : Slow 1200mV 0C Model Removal 'u6|sdram_pll1|altpll_component|pll|clk[0]'
Slack : 4.934
TNS   : 0.000

Type  : Slow 1200mV 0C Model Minimum Pulse Width 'GPIO_1[10]'
Slack : -3.210
TNS   : -566.488

Type  : Slow 1200mV 0C Model Minimum Pulse Width 'CCD_MCLK'
Slack : -2.649
TNS   : -211.509

Type  : Slow 1200mV 0C Model Minimum Pulse Width 'I2C_CCD_Config:u7|mI2C_CTRL_CLK'
Slack : -1.285
TNS   : -64.250

Type  : Slow 1200mV 0C Model Minimum Pulse Width 'u6|sdram_pll1|altpll_component|pll|clk[0]'
Slack : 4.709
TNS   : 0.000

Type  : Slow 1200mV 0C Model Minimum Pulse Width 'CLOCK_50'
Slack : 9.688
TNS   : 0.000

Type  : Fast 1200mV 0C Model Setup 'GPIO_1[10]'
Slack : -1.061
TNS   : -149.667

Type  : Fast 1200mV 0C Model Setup 'CCD_MCLK'
Slack : -1.020
TNS   : -66.522

Type  : Fast 1200mV 0C Model Setup 'I2C_CCD_Config:u7|mI2C_CTRL_CLK'
Slack : -0.672
TNS   : -25.522

Type  : Fast 1200mV 0C Model Setup 'CLOCK_50'
Slack : 1.032
TNS   : 0.000

Type  : Fast 1200mV 0C Model Setup 'u6|sdram_pll1|altpll_component|pll|clk[0]'
Slack : 5.575
TNS   : 0.000

Type  : Fast 1200mV 0C Model Hold 'CLOCK_50'
Slack : -1.459
TNS   : -2.348

Type  : Fast 1200mV 0C Model Hold 'GPIO_1[10]'
Slack : 0.128
TNS   : 0.000

Type  : Fast 1200mV 0C Model Hold 'u6|sdram_pll1|altpll_component|pll|clk[0]'
Slack : 0.156
TNS   : 0.000

Type  : Fast 1200mV 0C Model Hold 'I2C_CCD_Config:u7|mI2C_CTRL_CLK'
Slack : 0.180
TNS   : 0.000

Type  : Fast 1200mV 0C Model Hold 'CCD_MCLK'
Slack : 0.181
TNS   : 0.000

Type  : Fast 1200mV 0C Model Recovery 'CCD_MCLK'
Slack : -0.999
TNS   : -106.720

Type  : Fast 1200mV 0C Model Recovery 'GPIO_1[10]'
Slack : -0.346
TNS   : -33.477

Type  : Fast 1200mV 0C Model Recovery 'u6|sdram_pll1|altpll_component|pll|clk[0]'
Slack : 6.228
TNS   : 0.000

Type  : Fast 1200mV 0C Model Removal 'CCD_MCLK'
Slack : 0.457
TNS   : 0.000

Type  : Fast 1200mV 0C Model Removal 'GPIO_1[10]'
Slack : 0.658
TNS   : 0.000

Type  : Fast 1200mV 0C Model Removal 'u6|sdram_pll1|altpll_component|pll|clk[0]'
Slack : 2.967
TNS   : 0.000

Type  : Fast 1200mV 0C Model Minimum Pulse Width 'GPIO_1[10]'
Slack : -3.000
TNS   : -520.187

Type  : Fast 1200mV 0C Model Minimum Pulse Width 'CCD_MCLK'
Slack : -1.000
TNS   : -137.000

Type  : Fast 1200mV 0C Model Minimum Pulse Width 'I2C_CCD_Config:u7|mI2C_CTRL_CLK'
Slack : -1.000
TNS   : -50.000

Type  : Fast 1200mV 0C Model Minimum Pulse Width 'u6|sdram_pll1|altpll_component|pll|clk[0]'
Slack : 4.751
TNS   : 0.000

Type  : Fast 1200mV 0C Model Minimum Pulse Width 'CLOCK_50'
Slack : 9.266
TNS   : 0.000

------------------------------------------------------------
